2025-08-27 13:58:56,416 INFO daysim_summary: Running creation of in/out datasets...
2025-08-27 13:58:56,417 INFO daysim_summary: Processing survey files...
2025-08-27 13:58:56,417 INFO daysim_summary: Reading inputs ...
2025-08-27 13:59:00,482 INFO daysim_summary: Use household to filter trips inside and outside of BKR area
2025-08-27 13:59:00,488 INFO daysim_summary: Filtering trips ...
2025-08-27 13:59:00,883 INFO daysim_summary: Filtering tours ...
2025-08-27 13:59:01,033 INFO daysim_summary: Filtering households ...
2025-08-27 13:59:01,079 INFO daysim_summary: Filtering persons ...
2025-08-27 13:59:01,178 INFO daysim_summary: Filtering person days ...
2025-08-27 13:59:01,312 INFO daysim_summary: All processing completed in 4.89 seconds total.
2025-08-27 13:59:01,312 INFO daysim_summary: Finished creating in/out bkr datasets...
2025-08-27 14:07:06,624 INFO daysim_summary: Processing survey files...
2025-08-27 14:07:06,624 INFO daysim_summary: Reading inputs ...
2025-08-27 14:07:09,982 INFO daysim_summary: Running creation of in/out datasets...
2025-08-27 14:07:10,784 INFO daysim_summary: Use household to filter trips inside and outside of BKR area
2025-08-27 14:07:10,790 INFO daysim_summary: Filtering trips ...
2025-08-27 14:07:11,196 INFO daysim_summary: Filtering tours ...
2025-08-27 14:07:11,368 INFO daysim_summary: Filtering households ...
2025-08-27 14:07:11,414 INFO daysim_summary: Filtering persons ...
2025-08-27 14:07:11,510 INFO daysim_summary: Filtering person days ...
2025-08-27 14:07:11,607 INFO daysim_summary: Data processing completed in 1.63 seconds total.
2025-08-27 14:07:11,608 INFO daysim_summary: Finished creating in/out bkr datasets...
2025-08-27 14:07:12,521 INFO daysim_summary: District summary completed in 0.91 seconds total.
2025-08-27 14:07:12,524 INFO daysim_summary: All programs completed in 5.90 seconds total.
2025-08-27 14:17:43,528 INFO daysim_summary: Processing survey files...
2025-08-27 14:17:43,529 INFO daysim_summary: Reading inputs ...
2025-08-27 14:17:46,859 INFO daysim_summary: Running creation of in/out datasets...
2025-08-27 14:36:48,868 INFO daysim_summary: Processing survey files...
2025-08-27 14:36:48,869 INFO daysim_summary: Reading inputs ...
2025-08-27 14:36:52,212 INFO daysim_summary: Running creation of in/out datasets...
2025-08-27 14:36:58,174 INFO daysim_summary: Use household to filter trips inside and outside of BKR area
2025-08-27 14:36:58,180 INFO daysim_summary: Filtering trips ...
2025-08-27 14:36:58,670 INFO daysim_summary: Filtering tours ...
2025-08-27 14:36:58,831 INFO daysim_summary: Filtering households ...
2025-08-27 14:36:58,879 INFO daysim_summary: Filtering persons ...
2025-08-27 14:36:58,988 INFO daysim_summary: Filtering person days ...
2025-08-27 14:36:59,085 INFO daysim_summary: Data processing completed in 6.87 seconds total.
2025-08-27 14:36:59,086 INFO daysim_summary: Finished creating in/out bkr datasets...
2025-08-27 14:36:59,935 INFO daysim_summary: District summary completed in 0.85 seconds total.
2025-08-27 14:36:59,937 INFO daysim_summary: All programs completed in 11.07 seconds total.
2025-08-27 14:39:21,683 INFO daysim_summary: Processing survey files...
2025-08-27 14:39:21,683 INFO daysim_summary: Reading inputs ...
2025-08-27 14:39:24,950 INFO daysim_summary: Running creation of in/out datasets...
2025-08-27 14:39:24,950 INFO daysim_summary: use_cloned_trip is configured as False. Using full-survey uncloned trip data...
2025-08-27 14:39:25,684 INFO daysim_summary: Use household to filter trips inside and outside of BKR area
2025-08-27 14:39:25,691 INFO daysim_summary: Filtering trips ...
2025-08-27 14:39:26,172 INFO daysim_summary: Filtering tours ...
2025-08-27 14:39:26,182 INFO daysim_summary: Filtering households ...
2025-08-27 14:39:26,211 INFO daysim_summary: Filtering persons ...
2025-08-27 14:39:26,282 INFO daysim_summary: Filtering person days ...
2025-08-27 14:39:26,312 INFO daysim_summary: Data processing completed in 1.36 seconds total.
2025-08-27 14:39:26,312 INFO daysim_summary: Finished creating in/out bkr datasets...
2025-08-27 14:48:16,212 INFO daysim_summary: Processing survey dataset...
2025-08-27 14:48:16,213 INFO daysim_summary: Have set to use hh to filter in/out BKR area.
2025-08-27 14:48:16,213 INFO daysim_summary: Processing survey files...
2025-08-27 14:48:16,213 INFO daysim_summary: Reading inputs ...
2025-08-27 14:48:19,607 INFO daysim_summary: Running creation of in/out datasets...
2025-08-27 14:48:20,408 INFO daysim_summary: Use household to filter trips inside and outside of BKR area
2025-08-27 14:48:20,414 INFO daysim_summary: Filtering trips ...
2025-08-27 14:48:20,816 INFO daysim_summary: Filtering tours ...
2025-08-27 14:48:20,944 INFO daysim_summary: Filtering households ...
2025-08-27 14:48:20,992 INFO daysim_summary: Filtering persons ...
2025-08-27 14:48:21,085 INFO daysim_summary: Filtering person days ...
2025-08-27 14:48:21,166 INFO daysim_summary: Data processing completed in 1.56 seconds total.
2025-08-27 14:48:21,167 INFO daysim_summary: Finished creating in/out bkr datasets...
2025-08-27 14:48:22,118 INFO daysim_summary: District summary completed in 0.95 seconds total.
2025-08-27 14:48:22,121 INFO daysim_summary: All programs completed in 5.91 seconds total.
2025-08-27 14:49:44,135 INFO daysim_summary: Processing survey dataset...
2025-08-27 14:49:44,135 INFO daysim_summary: Have set to use hh to filter in/out BKR area.
2025-08-27 14:49:44,136 INFO daysim_summary: Processing survey files...
2025-08-27 14:49:44,136 INFO daysim_summary: Reading inputs ...
2025-08-27 14:49:45,487 INFO daysim_summary: Running creation of in/out datasets...
2025-08-27 14:49:46,138 INFO daysim_summary: Use household to filter trips inside and outside of BKR area
2025-08-27 14:49:46,140 INFO daysim_summary: Filtering trips ...
2025-08-27 14:49:46,531 INFO daysim_summary: Filtering tours ...
2025-08-27 14:49:46,653 INFO daysim_summary: Filtering households ...
2025-08-27 14:49:46,675 INFO daysim_summary: Filtering persons ...
2025-08-27 14:49:46,748 INFO daysim_summary: Filtering person days ...
2025-08-27 14:49:46,837 INFO daysim_summary: Data processing completed in 1.35 seconds total.
2025-08-27 14:49:46,837 INFO daysim_summary: Finished creating in/out bkr datasets...
2025-08-27 14:49:47,551 INFO daysim_summary: District summary completed in 0.71 seconds total.
2025-08-27 14:49:47,554 INFO daysim_summary: All programs completed in 3.42 seconds total.
2025-08-27 14:51:39,239 INFO daysim_summary: Processing survey dataset...
2025-08-27 14:51:39,239 INFO daysim_summary: Have set to use hh to filter in/out BKR area.
2025-08-27 14:51:39,239 INFO daysim_summary: Processing survey files...
2025-08-27 14:51:39,239 INFO daysim_summary: Reading inputs ...
2025-08-27 14:51:40,590 INFO daysim_summary: Running creation of in/out datasets...
2025-08-27 14:51:41,225 INFO daysim_summary: Use household to filter trips inside and outside of BKR area
2025-08-27 14:51:41,228 INFO daysim_summary: Filtering trips ...
2025-08-27 14:51:41,638 INFO daysim_summary: Filtering tours ...
2025-08-27 14:51:41,751 INFO daysim_summary: Filtering households ...
2025-08-27 14:51:41,773 INFO daysim_summary: Filtering persons ...
2025-08-27 14:51:41,846 INFO daysim_summary: Filtering person days ...
2025-08-27 14:51:41,957 INFO daysim_summary: Data processing completed in 1.37 seconds total.
2025-08-27 14:51:41,957 INFO daysim_summary: Finished creating in/out bkr datasets...
2025-08-27 14:51:42,655 INFO daysim_summary: District summary completed in 0.70 seconds total.
2025-08-27 14:51:42,658 INFO daysim_summary: All programs completed in 3.42 seconds total.
2025-08-27 15:25:52,831 INFO daysim_summary: Processing survey dataset...
2025-08-27 15:25:52,832 INFO daysim_summary: Have set to use hh to filter in/out BKR area.
2025-08-27 15:25:52,833 INFO daysim_summary: Processing survey files...
2025-08-27 15:25:52,833 INFO daysim_summary: Reading inputs ...
2025-08-27 15:29:47,633 INFO daysim_summary: Processing survey dataset...
2025-08-27 15:29:47,633 INFO daysim_summary: Have set to use hh to filter in/out BKR area.
2025-08-27 15:29:47,634 INFO daysim_summary: Processing survey files...
2025-08-27 15:29:47,634 INFO daysim_summary: Reading inputs ...
2025-08-27 15:29:51,125 INFO daysim_summary: Running creation of in/out datasets...
2025-08-27 15:29:52,641 INFO daysim_summary: Use household to filter trips inside and outside of BKR area
2025-08-27 15:29:52,647 INFO daysim_summary: Filtering trips ...
2025-08-27 15:30:37,421 INFO daysim_summary: Processing survey dataset...
2025-08-27 15:30:37,421 INFO daysim_summary: Have set to use hh to filter in/out BKR area.
2025-08-27 15:30:37,422 INFO daysim_summary: Processing survey files...
2025-08-27 15:30:37,422 INFO daysim_summary: Reading inputs ...
2025-08-27 15:30:40,706 INFO daysim_summary: Running creation of in/out datasets...
2025-08-27 15:30:41,891 INFO daysim_summary: Use household to filter trips inside and outside of BKR area
2025-08-27 15:30:41,898 INFO daysim_summary: Filtering trips ...
2025-08-27 15:30:42,807 INFO daysim_summary: Filtering tours ...
2025-08-27 15:30:42,954 INFO daysim_summary: Filtering households ...
2025-08-27 15:30:43,000 INFO daysim_summary: Filtering persons ...
2025-08-27 15:30:43,095 INFO daysim_summary: Filtering person days ...
2025-08-27 15:30:43,190 INFO daysim_summary: Data processing completed in 2.48 seconds total.
2025-08-27 15:30:43,190 INFO daysim_summary: Finished creating in/out bkr datasets...
2025-08-27 15:33:32,046 INFO daysim_summary: Processing survey dataset...
2025-08-27 15:33:32,047 INFO daysim_summary: Have set to use hh to filter in/out BKR area.
2025-08-27 15:33:32,047 INFO daysim_summary: Processing survey files...
2025-08-27 15:33:32,048 INFO daysim_summary: Reading inputs ...
2025-08-27 15:33:35,408 INFO daysim_summary: Running creation of in/out datasets...
2025-08-27 15:33:36,630 INFO daysim_summary: Use household to filter trips inside and outside of BKR area
2025-08-27 15:33:36,637 INFO daysim_summary: Filtering trips ...
2025-08-27 15:33:37,558 INFO daysim_summary: Filtering tours ...
2025-08-27 15:33:37,715 INFO daysim_summary: Filtering households ...
2025-08-27 15:33:37,761 INFO daysim_summary: Filtering persons ...
2025-08-27 15:33:37,857 INFO daysim_summary: Filtering person days ...
2025-08-27 15:33:37,949 INFO daysim_summary: Data processing completed in 2.54 seconds total.
2025-08-27 15:33:37,949 INFO daysim_summary: Finished creating in/out bkr datasets...
2025-08-27 15:33:39,054 INFO daysim_summary: District summary completed in 1.10 seconds total.
2025-08-27 15:33:39,058 INFO daysim_summary: All programs completed in 7.01 seconds total.
2025-08-27 15:38:01,733 INFO daysim_summary: Processing survey dataset...
2025-08-27 15:38:01,734 INFO daysim_summary: Have set to use hh to filter in/out BKR area.
2025-08-27 15:38:01,734 INFO daysim_summary: Processing survey files...
2025-08-27 15:38:01,734 INFO daysim_summary: Reading inputs ...
2025-08-27 15:38:05,057 INFO daysim_summary: Running creation of in/out datasets...
2025-08-27 15:38:06,197 INFO daysim_summary: Use household to filter trips inside and outside of BKR area
2025-08-27 15:38:06,204 INFO daysim_summary: Filtering trips ...
2025-08-27 15:38:07,073 INFO daysim_summary: Filtering tours ...
2025-08-27 15:38:07,199 INFO daysim_summary: Filtering households ...
2025-08-27 15:38:07,222 INFO daysim_summary: Filtering persons ...
2025-08-27 15:38:07,297 INFO daysim_summary: Filtering person days ...
2025-08-27 15:38:07,389 INFO daysim_summary: Data processing completed in 2.33 seconds total.
2025-08-27 15:38:07,390 INFO daysim_summary: Finished creating in/out bkr datasets...
2025-08-27 15:40:06,197 INFO daysim_summary: Processing survey dataset...
2025-08-27 15:40:06,198 INFO daysim_summary: Have set to use hh to filter in/out BKR area.
2025-08-27 15:40:06,199 INFO daysim_summary: Processing survey files...
2025-08-27 15:40:06,199 INFO daysim_summary: Reading inputs ...
2025-08-27 15:40:09,610 INFO daysim_summary: Running creation of in/out datasets...
2025-08-27 15:40:10,782 INFO daysim_summary: Use household to filter trips inside and outside of BKR area
2025-08-27 15:40:10,788 INFO daysim_summary: Filtering trips ...
2025-08-27 15:40:11,642 INFO daysim_summary: Filtering tours ...
2025-08-27 15:40:11,788 INFO daysim_summary: Filtering households ...
2025-08-27 15:40:11,835 INFO daysim_summary: Filtering persons ...
2025-08-27 15:40:11,935 INFO daysim_summary: Filtering person days ...
2025-08-27 15:40:12,064 INFO daysim_summary: Data processing completed in 2.45 seconds total.
2025-08-27 15:40:12,064 INFO daysim_summary: Finished creating in/out bkr datasets...
2025-08-27 15:40:41,477 INFO daysim_summary: District summary completed in 29.41 seconds total.
2025-08-27 15:40:41,483 INFO daysim_summary: All programs completed in 35.28 seconds total.
2025-08-27 15:42:33,834 INFO daysim_summary: Processing survey dataset...
2025-08-27 15:42:33,835 INFO daysim_summary: Have set to use hh to filter in/out BKR area.
2025-08-27 15:42:33,836 INFO daysim_summary: Processing survey files...
2025-08-27 15:42:33,836 INFO daysim_summary: Reading inputs ...
2025-08-27 15:42:37,115 INFO daysim_summary: Running creation of in/out datasets...
2025-08-27 15:42:38,285 INFO daysim_summary: Use household to filter trips inside and outside of BKR area
2025-08-27 15:42:38,291 INFO daysim_summary: Filtering trips ...
2025-08-27 15:42:39,144 INFO daysim_summary: Filtering tours ...
2025-08-27 15:42:39,287 INFO daysim_summary: Filtering households ...
2025-08-27 15:42:39,314 INFO daysim_summary: Filtering persons ...
2025-08-27 15:42:39,397 INFO daysim_summary: Filtering person days ...
2025-08-27 15:42:39,526 INFO daysim_summary: Data processing completed in 2.41 seconds total.
2025-08-27 15:42:39,526 INFO daysim_summary: Finished creating in/out bkr datasets...
2025-08-27 15:42:40,629 INFO daysim_summary: District summary completed in 1.10 seconds total.
2025-08-27 15:42:40,634 INFO daysim_summary: All programs completed in 6.80 seconds total.
2025-08-27 15:49:38,675 INFO daysim_summary: Processing survey dataset...
2025-08-27 15:49:38,676 INFO daysim_summary: Have set to use hh to filter in/out BKR area.
2025-08-27 15:49:38,676 INFO daysim_summary: Processing survey files...
2025-08-27 15:49:38,676 INFO daysim_summary: Reading inputs ...
2025-08-27 15:49:42,110 INFO daysim_summary: Running creation of in/out datasets...
2025-08-27 15:49:43,582 INFO daysim_summary: Use household to filter trips inside and outside of BKR area
2025-08-27 15:49:43,588 INFO daysim_summary: Filtering trips ...
2025-08-27 15:49:44,476 INFO daysim_summary: Filtering tours ...
2025-08-27 15:49:44,627 INFO daysim_summary: Filtering households ...
2025-08-27 15:49:44,672 INFO daysim_summary: Filtering persons ...
2025-08-27 15:49:44,767 INFO daysim_summary: Filtering person days ...
2025-08-27 15:49:44,892 INFO daysim_summary: Data processing completed in 2.78 seconds total.
2025-08-27 15:49:44,892 INFO daysim_summary: Finished creating in/out bkr datasets...
2025-08-27 15:52:38,138 INFO daysim_summary: Processing survey dataset...
2025-08-27 15:52:38,138 INFO daysim_summary: Have set to use hh to filter in/out BKR area.
2025-08-27 15:52:38,139 INFO daysim_summary: Processing survey files...
2025-08-27 15:52:38,139 INFO daysim_summary: Reading inputs ...
2025-08-27 15:52:41,485 INFO daysim_summary: Running creation of in/out datasets...
2025-08-27 15:52:42,870 INFO daysim_summary: Use household to filter trips inside and outside of BKR area
2025-08-27 15:52:42,876 INFO daysim_summary: Filtering trips ...
2025-08-27 15:52:43,766 INFO daysim_summary: Filtering tours ...
2025-08-27 15:52:43,915 INFO daysim_summary: Filtering households ...
2025-08-27 15:52:43,963 INFO daysim_summary: Filtering persons ...
2025-08-27 15:52:44,066 INFO daysim_summary: Filtering person days ...
2025-08-27 15:52:44,194 INFO daysim_summary: Data processing completed in 2.71 seconds total.
2025-08-27 15:52:44,194 INFO daysim_summary: Finished creating in/out bkr datasets...
2025-08-27 15:52:59,922 INFO daysim_summary: Processing survey dataset...
2025-08-27 15:52:59,923 INFO daysim_summary: Have set to use hh to filter in/out BKR area.
2025-08-27 15:52:59,923 INFO daysim_summary: Processing survey files...
2025-08-27 15:52:59,923 INFO daysim_summary: Reading inputs ...
2025-08-27 15:53:03,280 INFO daysim_summary: Running creation of in/out datasets...
2025-08-27 15:53:04,448 INFO daysim_summary: Use household to filter trips inside and outside of BKR area
2025-08-27 15:53:04,455 INFO daysim_summary: Filtering trips ...
2025-08-27 15:53:05,331 INFO daysim_summary: Filtering tours ...
2025-08-27 15:53:05,479 INFO daysim_summary: Filtering households ...
2025-08-27 15:53:05,524 INFO daysim_summary: Filtering persons ...
2025-08-27 15:53:05,620 INFO daysim_summary: Filtering person days ...
2025-08-27 15:53:05,742 INFO daysim_summary: Data processing completed in 2.46 seconds total.
2025-08-27 15:53:05,743 INFO daysim_summary: Finished creating in/out bkr datasets...
2025-08-27 15:53:06,853 INFO daysim_summary: District summary completed in 1.11 seconds total.
2025-08-27 15:53:06,857 INFO daysim_summary: All programs completed in 6.93 seconds total.
2025-08-27 15:57:33,088 INFO daysim_summary: Processing survey dataset...
2025-08-27 15:57:33,089 INFO daysim_summary: Have set to use hh to filter in/out BKR area.
2025-08-27 15:57:33,089 INFO daysim_summary: Processing survey files...
2025-08-27 15:57:33,090 INFO daysim_summary: Reading inputs ...
2025-08-27 15:57:36,422 INFO daysim_summary: Running creation of in/out datasets...
2025-08-27 15:57:37,578 INFO daysim_summary: Use household to filter trips inside and outside of BKR area
2025-08-27 15:57:37,584 INFO daysim_summary: Filtering trips ...
2025-08-27 15:57:38,558 INFO daysim_summary: Filtering tours ...
2025-08-27 15:57:38,684 INFO daysim_summary: Filtering households ...
2025-08-27 15:57:38,707 INFO daysim_summary: Filtering persons ...
2025-08-27 15:57:38,780 INFO daysim_summary: Filtering person days ...
2025-08-27 15:57:38,926 INFO daysim_summary: Data processing completed in 2.50 seconds total.
2025-08-27 15:57:38,926 INFO daysim_summary: Finished creating in/out bkr datasets...
2025-08-27 15:59:19,009 INFO daysim_summary: Processing survey dataset...
2025-08-27 15:59:19,010 INFO daysim_summary: Have set to use hh to filter in/out BKR area.
2025-08-27 15:59:19,011 INFO daysim_summary: Processing survey files...
2025-08-27 15:59:19,011 INFO daysim_summary: Reading inputs ...
2025-08-27 15:59:22,347 INFO daysim_summary: Running creation of in/out datasets...
2025-08-27 15:59:23,528 INFO daysim_summary: Use household to filter trips inside and outside of BKR area
2025-08-27 15:59:23,533 INFO daysim_summary: Filtering trips ...
2025-08-27 15:59:24,516 INFO daysim_summary: Filtering tours ...
2025-08-27 15:59:24,774 INFO daysim_summary: Filtering households ...
2025-08-27 15:59:24,823 INFO daysim_summary: Filtering persons ...
2025-08-27 15:59:24,921 INFO daysim_summary: Filtering person days ...
2025-08-27 15:59:25,049 INFO daysim_summary: Data processing completed in 2.70 seconds total.
2025-08-27 15:59:25,050 INFO daysim_summary: Finished creating in/out bkr datasets...
2025-08-27 15:59:35,891 INFO daysim_summary: Processing survey dataset...
2025-08-27 15:59:35,892 INFO daysim_summary: Have set to use hh to filter in/out BKR area.
2025-08-27 15:59:35,892 INFO daysim_summary: Processing survey files...
2025-08-27 15:59:35,892 INFO daysim_summary: Reading inputs ...
2025-08-27 15:59:39,255 INFO daysim_summary: Running creation of in/out datasets...
2025-08-27 15:59:40,563 INFO daysim_summary: Use household to filter trips inside and outside of BKR area
2025-08-27 15:59:40,570 INFO daysim_summary: Filtering trips ...
2025-08-27 15:59:41,496 INFO daysim_summary: Filtering tours ...
2025-08-27 15:59:41,666 INFO daysim_summary: Filtering households ...
2025-08-27 15:59:41,729 INFO daysim_summary: Filtering persons ...
2025-08-27 15:59:41,831 INFO daysim_summary: Filtering person days ...
2025-08-27 15:59:41,969 INFO daysim_summary: Data processing completed in 2.71 seconds total.
2025-08-27 15:59:41,969 INFO daysim_summary: Finished creating in/out bkr datasets...
2025-08-27 15:59:43,152 INFO daysim_summary: District summary completed in 1.18 seconds total.
2025-08-27 15:59:43,157 INFO daysim_summary: All programs completed in 7.26 seconds total.
2025-08-27 16:01:45,517 INFO daysim_summary: Processing survey dataset...
2025-08-27 16:01:45,517 INFO daysim_summary: Have set to use hh to filter in/out BKR area.
2025-08-27 16:01:45,518 INFO daysim_summary: Processing survey files...
2025-08-27 16:01:45,518 INFO daysim_summary: Reading inputs ...
2025-08-27 16:01:46,872 INFO daysim_summary: Running creation of in/out datasets...
2025-08-27 16:01:47,956 INFO daysim_summary: Use household to filter trips inside and outside of BKR area
2025-08-27 16:01:47,959 INFO daysim_summary: Filtering trips ...
2025-08-27 16:01:48,798 INFO daysim_summary: Filtering tours ...
2025-08-27 16:01:48,923 INFO daysim_summary: Filtering households ...
2025-08-27 16:01:48,943 INFO daysim_summary: Filtering persons ...
2025-08-27 16:01:49,014 INFO daysim_summary: Filtering person days ...
2025-08-27 16:01:49,108 INFO daysim_summary: Data processing completed in 2.23 seconds total.
2025-08-27 16:01:49,108 INFO daysim_summary: Finished creating in/out bkr datasets...
2025-08-27 16:01:50,031 INFO daysim_summary: District summary completed in 0.92 seconds total.
2025-08-27 16:01:50,036 INFO daysim_summary: All programs completed in 4.52 seconds total.
2025-08-27 16:03:23,014 INFO daysim_summary: Processing survey dataset...
2025-08-27 16:03:23,014 INFO daysim_summary: Have set to use hh to filter in/out BKR area.
2025-08-27 16:03:23,014 INFO daysim_summary: Processing survey files...
2025-08-27 16:03:23,014 INFO daysim_summary: Reading inputs ...
2025-08-27 16:03:24,247 INFO daysim_summary: Running creation of in/out datasets...
2025-08-27 16:03:25,444 INFO daysim_summary: Use household to filter trips inside and outside of BKR area
2025-08-27 16:03:25,461 INFO daysim_summary: Filtering trips ...
2025-08-27 16:03:56,474 INFO daysim_summary: Processing survey dataset...
2025-08-27 16:03:56,475 INFO daysim_summary: Have set to use hh to filter in/out BKR area.
2025-08-27 16:03:56,476 INFO daysim_summary: Processing survey files...
2025-08-27 16:03:56,476 INFO daysim_summary: Reading inputs ...
2025-08-27 16:03:58,205 INFO daysim_summary: Running creation of in/out datasets...
2025-08-27 16:03:59,408 INFO daysim_summary: Use household to filter trips inside and outside of BKR area
2025-08-27 16:03:59,416 INFO daysim_summary: Filtering trips ...
2025-08-27 16:06:52,943 INFO daysim_summary: Processing survey dataset...
2025-08-27 16:06:52,944 INFO daysim_summary: Have set to use hh to filter in/out BKR area.
2025-08-27 16:06:52,944 INFO daysim_summary: Processing survey files...
2025-08-27 16:06:52,945 INFO daysim_summary: Reading inputs ...
2025-08-27 16:06:54,720 INFO daysim_summary: Running creation of in/out datasets...
2025-08-27 16:06:55,965 INFO daysim_summary: Use household to filter trips inside and outside of BKR area
2025-08-27 16:06:55,972 INFO daysim_summary: Filtering trips ...
2025-08-27 16:06:59,882 INFO daysim_summary: Filtering tours ...
2025-08-27 16:07:00,160 INFO daysim_summary: Filtering households ...
2025-08-27 16:07:00,232 INFO daysim_summary: Filtering persons ...
2025-08-27 16:07:00,388 INFO daysim_summary: Filtering person days ...
2025-08-27 16:07:00,514 INFO daysim_summary: Data processing completed in 5.79 seconds total.
2025-08-27 16:07:00,514 INFO daysim_summary: Finished creating in/out bkr datasets...
2025-08-27 16:09:02,759 INFO daysim_summary: Processing survey dataset...
2025-08-27 16:09:02,760 INFO daysim_summary: Have set to use hh to filter in/out BKR area.
2025-08-27 16:09:02,761 INFO daysim_summary: Processing survey files...
2025-08-27 16:09:02,761 INFO daysim_summary: Reading inputs ...
2025-08-27 16:09:04,521 INFO daysim_summary: Running creation of in/out datasets...
2025-08-27 16:09:05,661 INFO daysim_summary: Use household to filter trips inside and outside of BKR area
2025-08-27 16:09:05,669 INFO daysim_summary: Filtering trips ...
2025-08-27 16:09:06,362 INFO daysim_summary: Filtering tours ...
2025-08-27 16:09:06,614 INFO daysim_summary: Filtering households ...
2025-08-27 16:09:06,680 INFO daysim_summary: Filtering persons ...
2025-08-27 16:09:06,833 INFO daysim_summary: Filtering person days ...
2025-08-27 16:09:06,961 INFO daysim_summary: Data processing completed in 2.44 seconds total.
2025-08-27 16:09:06,962 INFO daysim_summary: Finished creating in/out bkr datasets...
2025-08-27 16:09:08,039 INFO daysim_summary: District summary completed in 1.07 seconds total.
2025-08-27 16:09:08,043 INFO daysim_summary: All programs completed in 5.28 seconds total.
